[2m2026-09-24T13:20:35.856457Z[0m [32m INFO[0m [2mstreams_slate[0m[2m:[0m tokio runtime: 20 worker threads
[2m2026-09-24T13:20:35.860473Z[0m [32m INFO[0m [2mstreams_slate::bootstrap[0m[2m:[0m runtime identity minted [3mboot_id[0m[2m=[0m77d661a20252e45b7928151c6dd91c7b [3minstance[0m[2m=[0mstreams-1
[2m2026-09-24T13:20:35.860550Z[0m [32m INFO[0m [2mstreams_slate::bootstrap[0m[2m:[0m memory profile certified: compute-1g (all DB families) profile={"bytes_to_fetch":1048576,"max_concurrent_compactions":1,"max_fetch_tasks":1,"max_sst_size":33554432,"max_subcompactions":1,"store_bulk_inflight_max_bytes":33554432,"worker_max_concurrent_compactions":1}
[2m2026-09-24T13:20:35.860603Z[0m [33m WARN[0m [2mstreams_slate::bootstrap[0m[2m:[0m FLEET_AUTH_MODE=static: the shared bridge token is a NAMED legacy posture; the release posture requires workload identity (§14.1)
[2m2026-09-24T13:20:35.860618Z[0m [32m INFO[0m [2mstreams_slate::bootstrap[0m[2m:[0m nofile soft=9223372036854775807 hard=9223372036854775807 (raised to hard at boot); feed retention budget=67108864B
[2m2026-09-24T13:20:35.860715Z[0m [32m INFO[0m [2mstreams_slate::bootstrap[0m[2m:[0m effective configuration (redacted) [3mconfig[0m[2m=[0m{"admission":{"absorb_lag_secs":900,"limit_burst_secs":2.0,"limit_bytes_per_sec":5000000.0,"limit_recs_per_sec":5000.0,"limit_reqs_per_sec":1000.0,"maint_release_pct":75,"unabsorbed_bytes_instance":536870912,"unabsorbed_bytes_shard":268435456},"billing":{"alert_usage_outbox_dirty":1000,"meter_enabled":true,"metrics_interval_secs":15,"month_close_grace_ms":86400000,"outbox_sweep_secs":300,"path_prefix_env":"fleetd2","sweep_discovery_max":8,"sweep_maint_resident":2,"sweep_resident_quantum":4,"telemetry_cache_bytes":16777216,"telemetry_drain_secs":2},"crypto":{"frame_compress":true},"engine":{"compact_bytes_to_fetch":1048576,"compact_max_fetch_tasks":1,"compact_max_sst_size":33554432,"compact_max_subcompactions":1,"compactor_max_concurrent":1,"compactor_poll_ms":2500,"slatedb_rt_threads":4},"fleet":{"allow_http_peers":false,"fleet_min":1,"peer_domains":"prisma.build","rebalance_lag_secs":60,"rebalance_move_cooldown_secs":60,"rebalance_return_secs":300,"self_url":"https://placeholder-fleet-s1.prisma.build"},"history":{"absorb_global_budget_bytes":100859904,"absorb_global_gathers":1,"absorb_pause_initial":false,"cache_bytes":33554432,"compactor_off":false,"gc_interval_ms":600000},"http":{"binary_sha256":"placeholder-sha256-of-the-downloaded-binary","debug_exit":false,"debug_timing":false,"h1_header_timeout_ms":120000,"h1_max_buf":65536,"tail_max_bytes":1048576},"postings":{"cache_bytes":67108864},"runtime":{"certification_mode":null,"memprofile_cert":"compute-1g"},"scaler":{"cold_evals":180,"cold_pct":0.15,"cooldown_secs":600,"eval_secs":5,"hot_evals":1,"hot_pct":0.01,"max_segments":64,"rate_window_secs":10.0},"shard":{"open_deadline_ms":180000,"open_wait_ms":10000,"unready_exit_after_secs":300},"sse":{"feed_project_bytes":"33554432","feed_ring_bytes":1048576,"feed_total_bytes":67108864,"heartbeat_ms":15000},"storage":{"bulk_inflight_max_bytes":33554432,"bulk_nominal_get_bytes":33554432,"pool_idle_secs":4,"store_max_concurrent":0}}
[2m2026-09-24T13:20:35.860790Z[0m [32m INFO[0m [2mstreams_slate::bootstrap[0m[2m:[0m project memory-pressure model (round-13; weights are code-versioned) [3mmodel[0m[2m=[0m{"dirty_stream_weight_bytes":65536,"feed_weight_bytes":16384,"sub_weight_bytes":32768,"version":1}
[2m2026-09-24T13:20:35.904585Z[0m [32m INFO[0m [2mstreams_slate::bootstrap[0m[2m:[0m startup canary: ops/shard/data buckets readable and writable
[2m2026-09-24T13:20:35.913757Z[0m [32m INFO[0m [2mstreams_slate::bootstrap[0m[2m:[0m topology v1: 16 shard(s), body ceiling 33554432 bytes (namespace-pinned)
[2m2026-09-24T13:20:36.096002Z[0m [32m INFO[0m [2mstreams_slate::bootstrap[0m[2m:[0m streams-slate listening on 127.0.0.1:53263
[2m2026-09-24T13:20:36.096130Z[0m [32m INFO[0m [2mstreams_slate::bootstrap[0m[2m:[0m maintenance backpressure bounds [3munabsorbed_instance[0m[2m=[0m536870912 [3munabsorbed_shard[0m[2m=[0m268435456 [3mlag_secs[0m[2m=[0m900 [3mrelease_pct[0m[2m=[0m75
[2m2026-09-24T13:20:36.096173Z[0m [32m INFO[0m [2mstreams_slate::bootstrap[0m[2m:[0m fleet coordination on (prefix=fleetops, cap=0 rps)
[2m2026-09-24T13:20:36.096184Z[0m [32m INFO[0m [2mstreams_slate::bootstrap[0m[2m:[0m memory budget: caches shared=128MiB history=32MiB postings=64MiB telemetry=16MiB; unflushed/db=16MiB; absorb budget=96MiB (worst-frame build=96MiB, per-gather reservation=96MiB, configured gather slots=1, EFFECTIVE gather concurrency=1); slatedb rt threads=4; shed line=500MB (RSS + reserved absorber bytes)
[2m2026-09-24T13:20:36.096426Z[0m [32m INFO[0m [2mstreams_slate::bootstrap[0m[2m:[0m opening shard log shards/0000 (lazy; fences prior owner)
[2m2026-09-24T13:20:36.096433Z[0m [32m INFO[0m [2mstreams_slate::billing[0m[2m:[0m usage rollup running
[2m2026-09-24T13:20:36.096964Z[0m [32m INFO[0m [2mstreams_slate::http::serve[0m[2m:[0m nofile soft=9223372036854775807 hard=9223372036854775807 (raised to hard at boot)
[2m2026-09-24T13:20:36.110307Z[0m [32m INFO[0m [2mstreams_slate::bootstrap[0m[2m:[0m opening shard log shards/0100 (lazy; fences prior owner)
[2m2026-09-24T13:20:36.184316Z[0m [32m INFO[0m [2mstreams_slate::shard[0m[2m:[0m WAL group-commit pump on [3mshard[0m[2m=[0m0000 [3mgap_ms[0m[2m=[0m10 [3mgather_ms[0m[2m=[0m6
[2m2026-09-24T13:20:36.184661Z[0m [32m INFO[0m [2mstreams_slate::shard_directory[0m[2m:[0m shard retired [3mshard[0m[2m=[0m0000 [3mreason[0m[2m=[0m"sweep eviction"
[2m2026-09-24T13:20:36.184737Z[0m [32m INFO[0m [2mstreams_slate::billing[0m[2m:[0m sweep closed shard 0000
[2m2026-09-24T13:20:36.184745Z[0m [32m INFO[0m [2mstreams_slate::history::worker[0m[2m:[0m absorber exited; durable debt belongs to the next owner [3mshard[0m[2m=[0m0000 [3mpending_bytes[0m[2m=[0m0
[2m2026-09-24T13:20:36.184795Z[0m [32m INFO[0m [2mstreams_slate::bootstrap[0m[2m:[0m opening shard log shards/0001 (lazy; fences prior owner)
[2m2026-09-24T13:20:36.195470Z[0m [32m INFO[0m [2mstreams_slate::shard[0m[2m:[0m WAL group-commit pump on [3mshard[0m[2m=[0m0100 [3mgap_ms[0m[2m=[0m10 [3mgather_ms[0m[2m=[0m6
[2m2026-09-24T13:20:36.222468Z[0m [32m INFO[0m [2mstreams_slate::shard::lifecycle[0m[2m:[0m engine workers and stores terminated [3mshard[0m[2m=[0m0000
[2m2026-09-24T13:20:36.268675Z[0m [32m INFO[0m [2mstreams_slate::shard[0m[2m:[0m WAL group-commit pump on [3mshard[0m[2m=[0m0001 [3mgap_ms[0m[2m=[0m10 [3mgather_ms[0m[2m=[0m6
[2m2026-09-24T13:20:36.268925Z[0m [32m INFO[0m [2mstreams_slate::shard_directory[0m[2m:[0m shard retired [3mshard[0m[2m=[0m0001 [3mreason[0m[2m=[0m"sweep eviction"
[2m2026-09-24T13:20:36.268968Z[0m [32m INFO[0m [2mstreams_slate::billing[0m[2m:[0m sweep closed shard 0001
[2m2026-09-24T13:20:36.269008Z[0m [32m INFO[0m [2mstreams_slate::bootstrap[0m[2m:[0m opening shard log shards/0010 (lazy; fences prior owner)
[2m2026-09-24T13:20:36.268994Z[0m [32m INFO[0m [2mstreams_slate::history::worker[0m[2m:[0m absorber exited; durable debt belongs to the next owner [3mshard[0m[2m=[0m0001 [3mpending_bytes[0m[2m=[0m0
[2m2026-09-24T13:20:36.299030Z[0m [32m INFO[0m [2mstreams_slate::shard::lifecycle[0m[2m:[0m engine workers and stores terminated [3mshard[0m[2m=[0m0001
[2m2026-09-24T13:20:36.355915Z[0m [32m INFO[0m [2mstreams_slate::shard[0m[2m:[0m WAL group-commit pump on [3mshard[0m[2m=[0m0010 [3mgap_ms[0m[2m=[0m10 [3mgather_ms[0m[2m=[0m6
[2m2026-09-24T13:20:36.356132Z[0m [32m INFO[0m [2mstreams_slate::shard_directory[0m[2m:[0m shard retired [3mshard[0m[2m=[0m0010 [3mreason[0m[2m=[0m"sweep eviction"
[2m2026-09-24T13:20:36.356215Z[0m [32m INFO[0m [2mstreams_slate::billing[0m[2m:[0m sweep closed shard 0010
[2m2026-09-24T13:20:36.356234Z[0m [32m INFO[0m [2mstreams_slate::history::worker[0m[2m:[0m absorber exited; durable debt belongs to the next owner [3mshard[0m[2m=[0m0010 [3mpending_bytes[0m[2m=[0m0
[2m2026-09-24T13:20:36.356323Z[0m [32m INFO[0m [2mstreams_slate::bootstrap[0m[2m:[0m opening shard log shards/0011 (lazy; fences prior owner)
[2m2026-09-24T13:20:36.396345Z[0m [32m INFO[0m [2mstreams_slate::shard::lifecycle[0m[2m:[0m engine workers and stores terminated [3mshard[0m[2m=[0m0010
[2m2026-09-24T13:20:36.445177Z[0m [32m INFO[0m [2mstreams_slate::shard[0m[2m:[0m WAL group-commit pump on [3mshard[0m[2m=[0m0011 [3mgap_ms[0m[2m=[0m10 [3mgather_ms[0m[2m=[0m6
[2m2026-09-24T13:20:36.445419Z[0m [32m INFO[0m [2mstreams_slate::shard_directory[0m[2m:[0m shard retired [3mshard[0m[2m=[0m0011 [3mreason[0m[2m=[0m"sweep eviction"
[2m2026-09-24T13:20:36.445466Z[0m [32m INFO[0m [2mstreams_slate::billing[0m[2m:[0m sweep closed shard 0011
[2m2026-09-24T13:20:36.445499Z[0m [32m INFO[0m [2mstreams_slate::bootstrap[0m[2m:[0m opening shard log shards/0101 (lazy; fences prior owner)
[2m2026-09-24T13:20:36.445510Z[0m [32m INFO[0m [2mstreams_slate::history::worker[0m[2m:[0m absorber exited; durable debt belongs to the next owner [3mshard[0m[2m=[0m0011 [3mpending_bytes[0m[2m=[0m0
[2m2026-09-24T13:20:36.480652Z[0m [32m INFO[0m [2mstreams_slate::shard::lifecycle[0m[2m:[0m engine workers and stores terminated [3mshard[0m[2m=[0m0011
[2m2026-09-24T13:20:36.531768Z[0m [32m INFO[0m [2mstreams_slate::shard[0m[2m:[0m WAL group-commit pump on [3mshard[0m[2m=[0m0101 [3mgap_ms[0m[2m=[0m10 [3mgather_ms[0m[2m=[0m6
[2m2026-09-24T13:20:36.531954Z[0m [32m INFO[0m [2mstreams_slate::shard_directory[0m[2m:[0m shard retired [3mshard[0m[2m=[0m0101 [3mreason[0m[2m=[0m"sweep eviction"
[2m2026-09-24T13:20:36.532001Z[0m [32m INFO[0m [2mstreams_slate::billing[0m[2m:[0m sweep closed shard 0101
[2m2026-09-24T13:20:36.532033Z[0m [32m INFO[0m [2mstreams_slate::bootstrap[0m[2m:[0m opening shard log shards/0110 (lazy; fences prior owner)
[2m2026-09-24T13:20:36.532040Z[0m [32m INFO[0m [2mstreams_slate::history::worker[0m[2m:[0m absorber exited; durable debt belongs to the next owner [3mshard[0m[2m=[0m0101 [3mpending_bytes[0m[2m=[0m0
[2m2026-09-24T13:20:36.561779Z[0m [32m INFO[0m [2mstreams_slate::shard::lifecycle[0m[2m:[0m engine workers and stores terminated [3mshard[0m[2m=[0m0101
[2m2026-09-24T13:20:36.618284Z[0m [32m INFO[0m [2mstreams_slate::shard[0m[2m:[0m WAL group-commit pump on [3mshard[0m[2m=[0m0110 [3mgap_ms[0m[2m=[0m10 [3mgather_ms[0m[2m=[0m6
[2m2026-09-24T13:20:36.618487Z[0m [32m INFO[0m [2mstreams_slate::shard_directory[0m[2m:[0m shard retired [3mshard[0m[2m=[0m0110 [3mreason[0m[2m=[0m"sweep eviction"
[2m2026-09-24T13:20:36.618506Z[0m [32m INFO[0m [2mstreams_slate::history::worker[0m[2m:[0m absorber exited; durable debt belongs to the next owner [3mshard[0m[2m=[0m0110 [3mpending_bytes[0m[2m=[0m0
[2m2026-09-24T13:20:36.618539Z[0m [32m INFO[0m [2mstreams_slate::billing[0m[2m:[0m sweep closed shard 0110
[2m2026-09-24T13:20:36.618587Z[0m [32m INFO[0m [2mstreams_slate::bootstrap[0m[2m:[0m opening shard log shards/0111 (lazy; fences prior owner)
[2m2026-09-24T13:20:36.654023Z[0m [32m INFO[0m [2mstreams_slate::shard::lifecycle[0m[2m:[0m engine workers and stores terminated [3mshard[0m[2m=[0m0110
[2m2026-09-24T13:20:36.710637Z[0m [32m INFO[0m [2mstreams_slate::shard[0m[2m:[0m WAL group-commit pump on [3mshard[0m[2m=[0m0111 [3mgap_ms[0m[2m=[0m10 [3mgather_ms[0m[2m=[0m6
[2m2026-09-24T13:20:36.710892Z[0m [32m INFO[0m [2mstreams_slate::shard_directory[0m[2m:[0m shard retired [3mshard[0m[2m=[0m0111 [3mreason[0m[2m=[0m"sweep eviction"
[2m2026-09-24T13:20:36.710933Z[0m [32m INFO[0m [2mstreams_slate::billing[0m[2m:[0m sweep closed shard 0111
[2m2026-09-24T13:20:36.710968Z[0m [32m INFO[0m [2mstreams_slate::bootstrap[0m[2m:[0m opening shard log shards/1000 (lazy; fences prior owner)
[2m2026-09-24T13:20:36.711019Z[0m [32m INFO[0m [2mstreams_slate::history::worker[0m[2m:[0m absorber exited; durable debt belongs to the next owner [3mshard[0m[2m=[0m0111 [3mpending_bytes[0m[2m=[0m0
[2m2026-09-24T13:20:36.762248Z[0m [32m INFO[0m [2mstreams_slate::shard::lifecycle[0m[2m:[0m engine workers and stores terminated [3mshard[0m[2m=[0m0111
[2m2026-09-24T13:20:36.800930Z[0m [32m INFO[0m [2mstreams_slate::shard[0m[2m:[0m WAL group-commit pump on [3mshard[0m[2m=[0m1000 [3mgap_ms[0m[2m=[0m10 [3mgather_ms[0m[2m=[0m6
[2m2026-09-24T13:20:36.801156Z[0m [32m INFO[0m [2mstreams_slate::shard_directory[0m[2m:[0m shard retired [3mshard[0m[2m=[0m1000 [3mreason[0m[2m=[0m"sweep eviction"
[2m2026-09-24T13:20:36.801201Z[0m [32m INFO[0m [2mstreams_slate::billing[0m[2m:[0m sweep closed shard 1000
[2m2026-09-24T13:20:36.801242Z[0m [32m INFO[0m [2mstreams_slate::history::worker[0m[2m:[0m absorber exited; durable debt belongs to the next owner [3mshard[0m[2m=[0m1000 [3mpending_bytes[0m[2m=[0m0
[2m2026-09-24T13:20:36.842789Z[0m [32m INFO[0m [2mstreams_slate::shard::lifecycle[0m[2m:[0m engine workers and stores terminated [3mshard[0m[2m=[0m1000
[2m2026-09-24T13:20:38.106469Z[0m [32m INFO[0m [2mstreams_slate::bootstrap[0m[2m:[0m opening shard log shards/1011 (lazy; fences prior owner)
[2m2026-09-24T13:20:38.132263Z[0m [32m INFO[0m [2mstreams_slate::fleet[0m[2m:[0m fleet desired 1 -> 1 (cores_used=0.15 util->1 inflight=0 slots->0 hot_cpu=0% (0) ack_p50=0ms (0) edge_p50=0ms (0) rps=0 (0) live=1)
[2m2026-09-24T13:20:38.194866Z[0m [32m INFO[0m [2mstreams_slate::shard[0m[2m:[0m WAL group-commit pump on [3mshard[0m[2m=[0m1011 [3mgap_ms[0m[2m=[0m10 [3mgather_ms[0m[2m=[0m6
[2m2026-09-24T13:20:39.004430Z[0m [32m INFO[0m [2mstreams_slate::history::worker[0m[2m:[0m absorber seeded 1 dirty streams from the durable index (0100)
[2m2026-09-24T13:20:39.261537Z[0m [32m INFO[0m [2mstreams_slate::bootstrap[0m[2m:[0m termination signal: shutting down
[2m2026-09-24T13:20:39.261996Z[0m [32m INFO[0m [2mstreams_slate::bootstrap[0m[2m:[0m supervised loops stopped [3mfinished[0m[2m=[0m["request-maintenance", "unready-watchdog", "signal", "scaler", "rss-sampler", "fleet", "telemetry-outbox-sweep", "telemetry-drain", "usage-rollup", "runtime-watchdog"] [3maborted[0m[2m=[0m[] [3mpanicked[0m[2m=[0m[]
[2m2026-09-24T13:20:39.262045Z[0m [32m INFO[0m [2mstreams_slate::shard_directory[0m[2m:[0m shard retired [3mshard[0m[2m=[0m0100 [3mreason[0m[2m=[0m"shutdown"
[2m2026-09-24T13:20:39.262108Z[0m [32m INFO[0m [2mstreams_slate::shard_directory[0m[2m:[0m shard retired [3mshard[0m[2m=[0m1011 [3mreason[0m[2m=[0m"shutdown"
[2m2026-09-24T13:20:39.262168Z[0m [32m INFO[0m [2mstreams_slate::history::worker[0m[2m:[0m absorber exited; durable debt belongs to the next owner [3mshard[0m[2m=[0m0100 [3mpending_bytes[0m[2m=[0m584
[2m2026-09-24T13:20:39.262188Z[0m [32m INFO[0m [2mstreams_slate::history::worker[0m[2m:[0m absorber exited; durable debt belongs to the next owner [3mshard[0m[2m=[0m1011 [3mpending_bytes[0m[2m=[0m2211
[2m2026-09-24T13:20:39.293829Z[0m [32m INFO[0m [2mstreams_slate::shard::lifecycle[0m[2m:[0m engine workers and stores terminated [3mshard[0m[2m=[0m1011
[2m2026-09-24T13:20:39.293841Z[0m [32m INFO[0m [2mstreams_slate::shard::lifecycle[0m[2m:[0m engine workers and stores terminated [3mshard[0m[2m=[0m0100
