[2m2026-09-24T13:20:39.105839Z[0m [32m INFO[0m [2mstreams_slate[0m[2m:[0m tokio runtime: 20 worker threads
[2m2026-09-24T13:20:39.107446Z[0m [32m INFO[0m [2mstreams_slate::bootstrap[0m[2m:[0m runtime identity minted [3mboot_id[0m[2m=[0m2c097b861f523a603e021588f297f9ea [3minstance[0m[2m=[0mstreams-2
[2m2026-09-24T13:20:39.107497Z[0m [32m INFO[0m [2mstreams_slate::bootstrap[0m[2m:[0m memory profile certified: compute-1g (all DB families) profile={"bytes_to_fetch":1048576,"max_concurrent_compactions":1,"max_fetch_tasks":1,"max_sst_size":33554432,"max_subcompactions":1,"store_bulk_inflight_max_bytes":33554432,"worker_max_concurrent_compactions":1}
[2m2026-09-24T13:20:39.107518Z[0m [33m WARN[0m [2mstreams_slate::bootstrap[0m[2m:[0m FLEET_AUTH_MODE=static: the shared bridge token is a NAMED legacy posture; the release posture requires workload identity (§14.1)
[2m2026-09-24T13:20:39.107537Z[0m [32m INFO[0m [2mstreams_slate::bootstrap[0m[2m:[0m nofile soft=9223372036854775807 hard=9223372036854775807 (raised to hard at boot); feed retention budget=67108864B
[2m2026-09-24T13:20:39.107584Z[0m [32m INFO[0m [2mstreams_slate::bootstrap[0m[2m:[0m effective configuration (redacted) [3mconfig[0m[2m=[0m{"admission":{"absorb_lag_secs":900,"limit_burst_secs":2.0,"limit_bytes_per_sec":5000000.0,"limit_recs_per_sec":5000.0,"limit_reqs_per_sec":1000.0,"maint_release_pct":75,"unabsorbed_bytes_instance":536870912,"unabsorbed_bytes_shard":268435456},"billing":{"alert_usage_outbox_dirty":1000,"meter_enabled":true,"metrics_interval_secs":15,"month_close_grace_ms":86400000,"outbox_sweep_secs":300,"path_prefix_env":"fleetd2","sweep_discovery_max":8,"sweep_maint_resident":2,"sweep_resident_quantum":4,"telemetry_cache_bytes":16777216,"telemetry_drain_secs":2},"crypto":{"frame_compress":true},"engine":{"compact_bytes_to_fetch":1048576,"compact_max_fetch_tasks":1,"compact_max_sst_size":33554432,"compact_max_subcompactions":1,"compactor_max_concurrent":1,"compactor_poll_ms":2500,"slatedb_rt_threads":4},"fleet":{"allow_http_peers":false,"fleet_min":1,"peer_domains":"prisma.build","rebalance_lag_secs":60,"rebalance_move_cooldown_secs":60,"rebalance_return_secs":300,"self_url":"https://placeholder-fleet-s2.prisma.build"},"history":{"absorb_global_budget_bytes":100859904,"absorb_global_gathers":1,"absorb_pause_initial":false,"cache_bytes":33554432,"compactor_off":false,"gc_interval_ms":600000},"http":{"binary_sha256":"placeholder-sha256-of-the-downloaded-binary","debug_exit":false,"debug_timing":false,"h1_header_timeout_ms":120000,"h1_max_buf":65536,"tail_max_bytes":1048576},"postings":{"cache_bytes":67108864},"runtime":{"certification_mode":null,"memprofile_cert":"compute-1g"},"scaler":{"cold_evals":180,"cold_pct":0.15,"cooldown_secs":600,"eval_secs":5,"hot_evals":1,"hot_pct":0.01,"max_segments":64,"rate_window_secs":10.0},"shard":{"open_deadline_ms":180000,"open_wait_ms":10000,"unready_exit_after_secs":300},"sse":{"feed_project_bytes":"33554432","feed_ring_bytes":1048576,"feed_total_bytes":67108864,"heartbeat_ms":15000},"storage":{"bulk_inflight_max_bytes":33554432,"bulk_nominal_get_bytes":33554432,"pool_idle_secs":4,"store_max_concurrent":0}}
[2m2026-09-24T13:20:39.107661Z[0m [32m INFO[0m [2mstreams_slate::bootstrap[0m[2m:[0m project memory-pressure model (round-13; weights are code-versioned) [3mmodel[0m[2m=[0m{"dirty_stream_weight_bytes":65536,"feed_weight_bytes":16384,"sub_weight_bytes":32768,"version":1}
[2m2026-09-24T13:20:39.148738Z[0m [32m INFO[0m [2mstreams_slate::bootstrap[0m[2m:[0m startup canary: ops/shard/data buckets readable and writable
[2m2026-09-24T13:20:39.157037Z[0m [32m INFO[0m [2mstreams_slate::bootstrap[0m[2m:[0m topology v1: 16 shard(s), body ceiling 33554432 bytes (namespace-pinned)
[2m2026-09-24T13:20:39.335247Z[0m [32m INFO[0m [2mstreams_slate::bootstrap[0m[2m:[0m streams-slate listening on 127.0.0.1:53362
[2m2026-09-24T13:20:39.335365Z[0m [32m INFO[0m [2mstreams_slate::bootstrap[0m[2m:[0m maintenance backpressure bounds [3munabsorbed_instance[0m[2m=[0m536870912 [3munabsorbed_shard[0m[2m=[0m268435456 [3mlag_secs[0m[2m=[0m900 [3mrelease_pct[0m[2m=[0m75
[2m2026-09-24T13:20:39.335420Z[0m [32m INFO[0m [2mstreams_slate::bootstrap[0m[2m:[0m fleet coordination on (prefix=fleetops, cap=0 rps)
[2m2026-09-24T13:20:39.335430Z[0m [32m INFO[0m [2mstreams_slate::bootstrap[0m[2m:[0m memory budget: caches shared=128MiB history=32MiB postings=64MiB telemetry=16MiB; unflushed/db=16MiB; absorb budget=96MiB (worst-frame build=96MiB, per-gather reservation=96MiB, configured gather slots=1, EFFECTIVE gather concurrency=1); slatedb rt threads=4; shed line=500MB (RSS + reserved absorber bytes)
[2m2026-09-24T13:20:39.335628Z[0m [32m INFO[0m [2mstreams_slate::bootstrap[0m[2m:[0m opening shard log shards/0000 (lazy; fences prior owner)
[2m2026-09-24T13:20:39.335635Z[0m [32m INFO[0m [2mstreams_slate::billing[0m[2m:[0m usage rollup running
[2m2026-09-24T13:20:39.336061Z[0m [32m INFO[0m [2mstreams_slate::http::serve[0m[2m:[0m nofile soft=9223372036854775807 hard=9223372036854775807 (raised to hard at boot)
[2m2026-09-24T13:20:39.348674Z[0m [32m INFO[0m [2mstreams_slate::bootstrap[0m[2m:[0m opening shard log shards/0100 (lazy; fences prior owner)
[2m2026-09-24T13:20:39.421384Z[0m [32m INFO[0m [2mstreams_slate::shard[0m[2m:[0m WAL group-commit pump on [3mshard[0m[2m=[0m0000 [3mgap_ms[0m[2m=[0m10 [3mgather_ms[0m[2m=[0m6
[2m2026-09-24T13:20:39.421594Z[0m [32m INFO[0m [2mstreams_slate::shard_directory[0m[2m:[0m shard retired [3mshard[0m[2m=[0m0000 [3mreason[0m[2m=[0m"sweep eviction"
[2m2026-09-24T13:20:39.421643Z[0m [32m INFO[0m [2mstreams_slate::billing[0m[2m:[0m sweep closed shard 0000
[2m2026-09-24T13:20:39.421691Z[0m [32m INFO[0m [2mstreams_slate::bootstrap[0m[2m:[0m opening shard log shards/0001 (lazy; fences prior owner)
[2m2026-09-24T13:20:39.421781Z[0m [32m INFO[0m [2mstreams_slate::history::worker[0m[2m:[0m absorber exited; durable debt belongs to the next owner [3mshard[0m[2m=[0m0000 [3mpending_bytes[0m[2m=[0m0
[2m2026-09-24T13:20:39.430164Z[0m [32m INFO[0m [2mstreams_slate::shard[0m[2m:[0m WAL group-commit pump on [3mshard[0m[2m=[0m0100 [3mgap_ms[0m[2m=[0m10 [3mgather_ms[0m[2m=[0m6
[2m2026-09-24T13:20:39.450539Z[0m [32m INFO[0m [2mstreams_slate::shard::lifecycle[0m[2m:[0m engine workers and stores terminated [3mshard[0m[2m=[0m0000
[2m2026-09-24T13:20:39.506577Z[0m [32m INFO[0m [2mstreams_slate::shard[0m[2m:[0m WAL group-commit pump on [3mshard[0m[2m=[0m0001 [3mgap_ms[0m[2m=[0m10 [3mgather_ms[0m[2m=[0m6
[2m2026-09-24T13:20:39.506757Z[0m [32m INFO[0m [2mstreams_slate::shard_directory[0m[2m:[0m shard retired [3mshard[0m[2m=[0m0001 [3mreason[0m[2m=[0m"sweep eviction"
[2m2026-09-24T13:20:39.506807Z[0m [32m INFO[0m [2mstreams_slate::billing[0m[2m:[0m sweep closed shard 0001
[2m2026-09-24T13:20:39.506814Z[0m [32m INFO[0m [2mstreams_slate::history::worker[0m[2m:[0m absorber exited; durable debt belongs to the next owner [3mshard[0m[2m=[0m0001 [3mpending_bytes[0m[2m=[0m0
[2m2026-09-24T13:20:39.506845Z[0m [32m INFO[0m [2mstreams_slate::bootstrap[0m[2m:[0m opening shard log shards/0010 (lazy; fences prior owner)
[2m2026-09-24T13:20:39.538846Z[0m [32m INFO[0m [2mstreams_slate::shard::lifecycle[0m[2m:[0m engine workers and stores terminated [3mshard[0m[2m=[0m0001
[2m2026-09-24T13:20:39.593084Z[0m [32m INFO[0m [2mstreams_slate::shard[0m[2m:[0m WAL group-commit pump on [3mshard[0m[2m=[0m0010 [3mgap_ms[0m[2m=[0m10 [3mgather_ms[0m[2m=[0m6
[2m2026-09-24T13:20:39.593339Z[0m [32m INFO[0m [2mstreams_slate::shard_directory[0m[2m:[0m shard retired [3mshard[0m[2m=[0m0010 [3mreason[0m[2m=[0m"sweep eviction"
[2m2026-09-24T13:20:39.593381Z[0m [32m INFO[0m [2mstreams_slate::billing[0m[2m:[0m sweep closed shard 0010
[2m2026-09-24T13:20:39.593420Z[0m [32m INFO[0m [2mstreams_slate::bootstrap[0m[2m:[0m opening shard log shards/0011 (lazy; fences prior owner)
[2m2026-09-24T13:20:39.593438Z[0m [32m INFO[0m [2mstreams_slate::history::worker[0m[2m:[0m absorber exited; durable debt belongs to the next owner [3mshard[0m[2m=[0m0010 [3mpending_bytes[0m[2m=[0m0
[2m2026-09-24T13:20:39.631638Z[0m [32m INFO[0m [2mstreams_slate::shard::lifecycle[0m[2m:[0m engine workers and stores terminated [3mshard[0m[2m=[0m0010
[2m2026-09-24T13:20:39.684204Z[0m [32m INFO[0m [2mstreams_slate::shard[0m[2m:[0m WAL group-commit pump on [3mshard[0m[2m=[0m0011 [3mgap_ms[0m[2m=[0m10 [3mgather_ms[0m[2m=[0m6
[2m2026-09-24T13:20:39.684388Z[0m [32m INFO[0m [2mstreams_slate::shard_directory[0m[2m:[0m shard retired [3mshard[0m[2m=[0m0011 [3mreason[0m[2m=[0m"sweep eviction"
[2m2026-09-24T13:20:39.684430Z[0m [32m INFO[0m [2mstreams_slate::billing[0m[2m:[0m sweep closed shard 0011
[2m2026-09-24T13:20:39.684442Z[0m [32m INFO[0m [2mstreams_slate::history::worker[0m[2m:[0m absorber exited; durable debt belongs to the next owner [3mshard[0m[2m=[0m0011 [3mpending_bytes[0m[2m=[0m0
[2m2026-09-24T13:20:39.684463Z[0m [32m INFO[0m [2mstreams_slate::bootstrap[0m[2m:[0m opening shard log shards/0101 (lazy; fences prior owner)
[2m2026-09-24T13:20:39.722724Z[0m [32m INFO[0m [2mstreams_slate::shard::lifecycle[0m[2m:[0m engine workers and stores terminated [3mshard[0m[2m=[0m0011
[2m2026-09-24T13:20:39.771927Z[0m [32m INFO[0m [2mstreams_slate::shard[0m[2m:[0m WAL group-commit pump on [3mshard[0m[2m=[0m0101 [3mgap_ms[0m[2m=[0m10 [3mgather_ms[0m[2m=[0m6
[2m2026-09-24T13:20:39.772126Z[0m [32m INFO[0m [2mstreams_slate::shard_directory[0m[2m:[0m shard retired [3mshard[0m[2m=[0m0101 [3mreason[0m[2m=[0m"sweep eviction"
[2m2026-09-24T13:20:39.772170Z[0m [32m INFO[0m [2mstreams_slate::billing[0m[2m:[0m sweep closed shard 0101
[2m2026-09-24T13:20:39.772168Z[0m [32m INFO[0m [2mstreams_slate::history::worker[0m[2m:[0m absorber exited; durable debt belongs to the next owner [3mshard[0m[2m=[0m0101 [3mpending_bytes[0m[2m=[0m0
[2m2026-09-24T13:20:39.772211Z[0m [32m INFO[0m [2mstreams_slate::bootstrap[0m[2m:[0m opening shard log shards/0110 (lazy; fences prior owner)
[2m2026-09-24T13:20:39.811294Z[0m [32m INFO[0m [2mstreams_slate::shard::lifecycle[0m[2m:[0m engine workers and stores terminated [3mshard[0m[2m=[0m0101
[2m2026-09-24T13:20:39.861533Z[0m [32m INFO[0m [2mstreams_slate::shard[0m[2m:[0m WAL group-commit pump on [3mshard[0m[2m=[0m0110 [3mgap_ms[0m[2m=[0m10 [3mgather_ms[0m[2m=[0m6
[2m2026-09-24T13:20:39.861800Z[0m [32m INFO[0m [2mstreams_slate::shard_directory[0m[2m:[0m shard retired [3mshard[0m[2m=[0m0110 [3mreason[0m[2m=[0m"sweep eviction"
[2m2026-09-24T13:20:39.861845Z[0m [32m INFO[0m [2mstreams_slate::billing[0m[2m:[0m sweep closed shard 0110
[2m2026-09-24T13:20:39.861891Z[0m [32m INFO[0m [2mstreams_slate::history::worker[0m[2m:[0m absorber exited; durable debt belongs to the next owner [3mshard[0m[2m=[0m0110 [3mpending_bytes[0m[2m=[0m0
[2m2026-09-24T13:20:39.861934Z[0m [32m INFO[0m [2mstreams_slate::bootstrap[0m[2m:[0m opening shard log shards/0111 (lazy; fences prior owner)
[2m2026-09-24T13:20:39.899002Z[0m [32m INFO[0m [2mstreams_slate::shard::lifecycle[0m[2m:[0m engine workers and stores terminated [3mshard[0m[2m=[0m0110
[2m2026-09-24T13:20:39.955131Z[0m [32m INFO[0m [2mstreams_slate::shard[0m[2m:[0m WAL group-commit pump on [3mshard[0m[2m=[0m0111 [3mgap_ms[0m[2m=[0m10 [3mgather_ms[0m[2m=[0m6
[2m2026-09-24T13:20:39.955398Z[0m [32m INFO[0m [2mstreams_slate::shard_directory[0m[2m:[0m shard retired [3mshard[0m[2m=[0m0111 [3mreason[0m[2m=[0m"sweep eviction"
[2m2026-09-24T13:20:39.955450Z[0m [32m INFO[0m [2mstreams_slate::billing[0m[2m:[0m sweep closed shard 0111
[2m2026-09-24T13:20:39.955487Z[0m [32m INFO[0m [2mstreams_slate::bootstrap[0m[2m:[0m opening shard log shards/1000 (lazy; fences prior owner)
[2m2026-09-24T13:20:39.955507Z[0m [32m INFO[0m [2mstreams_slate::history::worker[0m[2m:[0m absorber exited; durable debt belongs to the next owner [3mshard[0m[2m=[0m0111 [3mpending_bytes[0m[2m=[0m0
[2m2026-09-24T13:20:39.986030Z[0m [32m INFO[0m [2mstreams_slate::shard::lifecycle[0m[2m:[0m engine workers and stores terminated [3mshard[0m[2m=[0m0111
[2m2026-09-24T13:20:40.039575Z[0m [32m INFO[0m [2mstreams_slate::shard[0m[2m:[0m WAL group-commit pump on [3mshard[0m[2m=[0m1000 [3mgap_ms[0m[2m=[0m10 [3mgather_ms[0m[2m=[0m6
[2m2026-09-24T13:20:40.039791Z[0m [32m INFO[0m [2mstreams_slate::shard_directory[0m[2m:[0m shard retired [3mshard[0m[2m=[0m1000 [3mreason[0m[2m=[0m"sweep eviction"
[2m2026-09-24T13:20:40.039836Z[0m [32m INFO[0m [2mstreams_slate::billing[0m[2m:[0m sweep closed shard 1000
[2m2026-09-24T13:20:40.039845Z[0m [32m INFO[0m [2mstreams_slate::history::worker[0m[2m:[0m absorber exited; durable debt belongs to the next owner [3mshard[0m[2m=[0m1000 [3mpending_bytes[0m[2m=[0m0
[2m2026-09-24T13:20:40.075002Z[0m [32m INFO[0m [2mstreams_slate::shard::lifecycle[0m[2m:[0m engine workers and stores terminated [3mshard[0m[2m=[0m1000
[2m2026-09-24T13:20:41.345599Z[0m [32m INFO[0m [2mstreams_slate::bootstrap[0m[2m:[0m opening shard log shards/1011 (lazy; fences prior owner)
[2m2026-09-24T13:20:41.368660Z[0m [32m INFO[0m [2mstreams_slate::fleet[0m[2m:[0m possession yields at tick: shard moved away [3mshard[0m[2m=[0m0100 [3mto[0m[2m=[0mstreams-1
[2m2026-09-24T13:20:41.368713Z[0m [32m INFO[0m [2mstreams_slate::shard_directory[0m[2m:[0m shard retired [3mshard[0m[2m=[0m0100 [3mreason[0m[2m=[0m"ownership moved"
[2m2026-09-24T13:20:41.368808Z[0m [32m INFO[0m [2mstreams_slate::history::worker[0m[2m:[0m absorber exited; durable debt belongs to the next owner [3mshard[0m[2m=[0m0100 [3mpending_bytes[0m[2m=[0m586
[2m2026-09-24T13:20:41.372976Z[0m [32m INFO[0m [2mstreams_slate::fleet[0m[2m:[0m fleet desired 1 -> 1 (cores_used=0.16 util->1 inflight=0 slots->0 hot_cpu=0% (0) ack_p50=0ms (0) edge_p50=0ms (0) rps=0 (0) live=1)
[2m2026-09-24T13:20:41.386265Z[0m [32m INFO[0m [2mstreams_slate::shard::lifecycle[0m[2m:[0m engine workers and stores terminated [3mshard[0m[2m=[0m0100
[2m2026-09-24T13:20:41.436248Z[0m [32m INFO[0m [2mstreams_slate::shard[0m[2m:[0m WAL group-commit pump on [3mshard[0m[2m=[0m1011 [3mgap_ms[0m[2m=[0m10 [3mgather_ms[0m[2m=[0m6
[2m2026-09-24T13:20:41.436818Z[0m [32m INFO[0m [2mstreams_slate::shard_directory[0m[2m:[0m shard retired [3mshard[0m[2m=[0m1011 [3mreason[0m[2m=[0m"ownership moved"
[2m2026-09-24T13:20:41.436938Z[0m [33m WARN[0m [2mstreams_slate::billing::telemetry_loop[0m[2m:[0m ops drain: system append _ops_events: append not_ring_owner: shard 1011 belongs to streams-1
[2m2026-09-24T13:20:41.436967Z[0m [32m INFO[0m [2mstreams_slate::history::worker[0m[2m:[0m absorber exited; durable debt belongs to the next owner [3mshard[0m[2m=[0m1011 [3mpending_bytes[0m[2m=[0m0
[2m2026-09-24T13:20:41.441902Z[0m [33m WARN[0m [2mstreams_slate::billing::telemetry_loop[0m[2m:[0m fleet event drain: fleet event append: system append _ops_events: append not_ring_owner: shard 1011 belongs to streams-1
[2m2026-09-24T13:20:41.480991Z[0m [32m INFO[0m [2mstreams_slate::shard::lifecycle[0m[2m:[0m engine workers and stores terminated [3mshard[0m[2m=[0m1011
[2m2026-09-24T13:20:42.370951Z[0m [32m INFO[0m [2mstreams_slate::bootstrap[0m[2m:[0m termination signal: shutting down
[2m2026-09-24T13:20:42.371343Z[0m [32m INFO[0m [2mstreams_slate::bootstrap[0m[2m:[0m supervised loops stopped [3mfinished[0m[2m=[0m["request-maintenance", "unready-watchdog", "signal", "scaler", "rss-sampler", "fleet", "telemetry-outbox-sweep", "telemetry-drain", "usage-rollup", "runtime-watchdog"] [3maborted[0m[2m=[0m[] [3mpanicked[0m[2m=[0m[]
