[2m2026-09-24T13:20:42.454330Z[0m [32m INFO[0m [2mstreams_slate[0m[2m:[0m tokio runtime: 20 worker threads
[2m2026-09-24T13:20:42.456493Z[0m [32m INFO[0m [2mstreams_slate::bootstrap[0m[2m:[0m runtime identity minted [3mboot_id[0m[2m=[0m9ee697722b7a0919640b89a6cf6549a9 [3minstance[0m[2m=[0mstreams-1
[2m2026-09-24T13:20:42.456537Z[0m [32m INFO[0m [2mstreams_slate::bootstrap[0m[2m:[0m memory profile certified: compute-1g (all DB families) profile={"bytes_to_fetch":1048576,"max_concurrent_compactions":1,"max_fetch_tasks":1,"max_sst_size":33554432,"max_subcompactions":1,"store_bulk_inflight_max_bytes":33554432,"worker_max_concurrent_compactions":1}
[2m2026-09-24T13:20:42.456557Z[0m [33m WARN[0m [2mstreams_slate::bootstrap[0m[2m:[0m INITIAL_SHARDS=8 < 4×FLEET_MAX=3: a fresh topology this coarse draws unevenly under rendezvous and the rebalancer flaps against return-home; use >= 16
[2m2026-09-24T13:20:42.456572Z[0m [32m INFO[0m [2mstreams_slate::bootstrap[0m[2m:[0m nofile soft=9223372036854775807 hard=9223372036854775807 (raised to hard at boot); feed retention budget=67108864B
[2m2026-09-24T13:20:42.456581Z[0m [33m WARN[0m [2mstreams_slate::bootstrap[0m[2m:[0m CERTIFICATION MODE: sealed publication delayed [3mms[0m[2m=[0m1500
[2m2026-09-24T13:20:42.456627Z[0m [32m INFO[0m [2mstreams_slate::bootstrap[0m[2m:[0m effective configuration (redacted) [3mconfig[0m[2m=[0m{"admission":{"absorb_lag_secs":900,"limit_burst_secs":2.0,"limit_bytes_per_sec":5000000.0,"limit_recs_per_sec":5000.0,"limit_reqs_per_sec":1000.0,"maint_release_pct":75,"unabsorbed_bytes_instance":536870912,"unabsorbed_bytes_shard":268435456},"billing":{"alert_usage_outbox_dirty":1000,"meter_enabled":true,"metrics_interval_secs":15,"month_close_grace_ms":86400000,"outbox_sweep_secs":300,"path_prefix_env":null,"sweep_discovery_max":8,"sweep_maint_resident":2,"sweep_resident_quantum":4,"telemetry_cache_bytes":16777216,"telemetry_drain_secs":2},"crypto":{"frame_compress":false},"engine":{"compact_bytes_to_fetch":1048576,"compact_max_fetch_tasks":1,"compact_max_sst_size":33554432,"compact_max_subcompactions":1,"compactor_max_concurrent":1,"compactor_poll_ms":2500,"slatedb_rt_threads":4},"fleet":{"allow_http_peers":true,"fleet_min":3,"peer_domains":null,"rebalance_lag_secs":1000000,"rebalance_move_cooldown_secs":60,"rebalance_return_secs":1000000,"self_url":"http://127.0.0.1:9872"},"history":{"absorb_global_budget_bytes":100859904,"absorb_global_gathers":1,"absorb_pause_initial":false,"cache_bytes":33554432,"compactor_off":false,"gc_interval_ms":600000},"http":{"binary_sha256":"unknown","debug_exit":false,"debug_timing":false,"h1_header_timeout_ms":120000,"h1_max_buf":65536,"tail_max_bytes":1048576},"postings":{"cache_bytes":67108864},"runtime":{"certification_mode":"1","memprofile_cert":"compute-1g"},"scaler":{"cold_evals":180,"cold_pct":0.15,"cooldown_secs":5,"eval_secs":5,"hot_evals":1,"hot_pct":0.01,"max_segments":64,"rate_window_secs":10.0},"shard":{"open_deadline_ms":180000,"open_wait_ms":10000,"unready_exit_after_secs":300},"sse":{"feed_project_bytes":"33554432","feed_ring_bytes":1048576,"feed_total_bytes":67108864,"heartbeat_ms":1000},"storage":{"bulk_inflight_max_bytes":33554432,"bulk_nominal_get_bytes":33554432,"pool_idle_secs":4,"store_max_concurrent":0}}
[2m2026-09-24T13:20:42.456691Z[0m [32m INFO[0m [2mstreams_slate::bootstrap[0m[2m:[0m project memory-pressure model (round-13; weights are code-versioned) [3mmodel[0m[2m=[0m{"dirty_stream_weight_bytes":65536,"feed_weight_bytes":16384,"sub_weight_bytes":32768,"version":1}
[2m2026-09-24T13:20:42.495914Z[0m [32m INFO[0m [2mstreams_slate::bootstrap[0m[2m:[0m startup canary: ops/shard/data buckets readable and writable
[2m2026-09-24T13:20:42.504979Z[0m [32m INFO[0m [2mstreams_slate::bootstrap[0m[2m:[0m topology v1: 8 shard(s), body ceiling 33554432 bytes (namespace-pinned)
[2m2026-09-24T13:20:42.505346Z[0m [32m INFO[0m [2mstreams_slate::bootstrap[0m[2m:[0m streams-slate listening on 127.0.0.1:53476
[2m2026-09-24T13:20:42.505452Z[0m [32m INFO[0m [2mstreams_slate::bootstrap[0m[2m:[0m maintenance backpressure bounds [3munabsorbed_instance[0m[2m=[0m536870912 [3munabsorbed_shard[0m[2m=[0m268435456 [3mlag_secs[0m[2m=[0m900 [3mrelease_pct[0m[2m=[0m75
[2m2026-09-24T13:20:42.505516Z[0m [32m INFO[0m [2mstreams_slate::bootstrap[0m[2m:[0m fleet coordination on (prefix=fleet, cap=0 rps)
[2m2026-09-24T13:20:42.505528Z[0m [32m INFO[0m [2mstreams_slate::bootstrap[0m[2m:[0m memory budget: caches shared=128MiB history=32MiB postings=64MiB telemetry=16MiB; unflushed/db=16MiB; absorb budget=96MiB (worst-frame build=96MiB, per-gather reservation=96MiB, configured gather slots=1, EFFECTIVE gather concurrency=1); slatedb rt threads=4; shed line=500MB (RSS + reserved absorber bytes)
[2m2026-09-24T13:20:42.506151Z[0m [32m INFO[0m [2mstreams_slate::http::serve[0m[2m:[0m nofile soft=9223372036854775807 hard=9223372036854775807 (raised to hard at boot)
[2m2026-09-24T13:20:42.507279Z[0m [33m WARN[0m [2mstreams_slate::auth_feed[0m[2m:[0m auth fetch failed; previous snapshot retained [3msource[0m[2m=[0m"policies" [3merror[0m[2m=[0mNo such file or directory (os error 2)
[2m2026-09-24T13:20:42.507350Z[0m [33m WARN[0m [2mstreams_slate::auth_feed[0m[2m:[0m auth fetch failed; previous snapshot retained [3msource[0m[2m=[0m"grants" [3merror[0m[2m=[0mNo such file or directory (os error 2)
[2m2026-09-24T13:20:42.507363Z[0m [33m WARN[0m [2mstreams_slate::auth_feed[0m[2m:[0m auth fetch failed; previous snapshot retained [3msource[0m[2m=[0m"keys" [3merror[0m[2m=[0mNo such file or directory (os error 2)
[2m2026-09-24T13:20:42.521903Z[0m [32m INFO[0m [2mstreams_slate::bootstrap[0m[2m:[0m opening shard log shards/010 (lazy; fences prior owner)
[2m2026-09-24T13:20:42.591724Z[0m [32m INFO[0m [2mstreams_slate::bootstrap[0m[2m:[0m opening shard log shards/000 (lazy; fences prior owner)
[2m2026-09-24T13:20:42.678817Z[0m [32m INFO[0m [2mstreams_slate::shard_directory[0m[2m:[0m shard retired [3mshard[0m[2m=[0m000 [3mreason[0m[2m=[0m"sweep eviction"
[2m2026-09-24T13:20:42.678896Z[0m [32m INFO[0m [2mstreams_slate::billing[0m[2m:[0m sweep closed shard 000
[2m2026-09-24T13:20:42.678905Z[0m [32m INFO[0m [2mstreams_slate::history::worker[0m[2m:[0m absorber exited; durable debt belongs to the next owner [3mshard[0m[2m=[0m000 [3mpending_bytes[0m[2m=[0m0
[2m2026-09-24T13:20:42.678940Z[0m [32m INFO[0m [2mstreams_slate::bootstrap[0m[2m:[0m opening shard log shards/001 (lazy; fences prior owner)
[2m2026-09-24T13:20:42.716373Z[0m [32m INFO[0m [2mstreams_slate::shard::lifecycle[0m[2m:[0m engine workers and stores terminated [3mshard[0m[2m=[0m000
[2m2026-09-24T13:20:42.771968Z[0m [32m INFO[0m [2mstreams_slate::shard_directory[0m[2m:[0m shard retired [3mshard[0m[2m=[0m001 [3mreason[0m[2m=[0m"sweep eviction"
[2m2026-09-24T13:20:42.772036Z[0m [32m INFO[0m [2mstreams_slate::billing[0m[2m:[0m sweep closed shard 001
[2m2026-09-24T13:20:42.772071Z[0m [32m INFO[0m [2mstreams_slate::history::worker[0m[2m:[0m absorber exited; durable debt belongs to the next owner [3mshard[0m[2m=[0m001 [3mpending_bytes[0m[2m=[0m0
[2m2026-09-24T13:20:42.772084Z[0m [32m INFO[0m [2mstreams_slate::bootstrap[0m[2m:[0m opening shard log shards/011 (lazy; fences prior owner)
[2m2026-09-24T13:20:42.809610Z[0m [32m INFO[0m [2mstreams_slate::shard::lifecycle[0m[2m:[0m engine workers and stores terminated [3mshard[0m[2m=[0m001
[2m2026-09-24T13:20:42.866344Z[0m [32m INFO[0m [2mstreams_slate::shard_directory[0m[2m:[0m shard retired [3mshard[0m[2m=[0m011 [3mreason[0m[2m=[0m"sweep eviction"
[2m2026-09-24T13:20:42.866428Z[0m [32m INFO[0m [2mstreams_slate::billing[0m[2m:[0m sweep closed shard 011
[2m2026-09-24T13:20:42.866479Z[0m [32m INFO[0m [2mstreams_slate::bootstrap[0m[2m:[0m opening shard log shards/100 (lazy; fences prior owner)
[2m2026-09-24T13:20:42.866502Z[0m [32m INFO[0m [2mstreams_slate::history::worker[0m[2m:[0m absorber exited; durable debt belongs to the next owner [3mshard[0m[2m=[0m011 [3mpending_bytes[0m[2m=[0m0
[2m2026-09-24T13:20:42.902661Z[0m [32m INFO[0m [2mstreams_slate::shard::lifecycle[0m[2m:[0m engine workers and stores terminated [3mshard[0m[2m=[0m011
[2m2026-09-24T13:20:42.953430Z[0m [32m INFO[0m [2mstreams_slate::shard_directory[0m[2m:[0m shard retired [3mshard[0m[2m=[0m100 [3mreason[0m[2m=[0m"sweep eviction"
[2m2026-09-24T13:20:42.953507Z[0m [32m INFO[0m [2mstreams_slate::billing[0m[2m:[0m sweep closed shard 100
[2m2026-09-24T13:20:42.953525Z[0m [32m INFO[0m [2mstreams_slate::history::worker[0m[2m:[0m absorber exited; durable debt belongs to the next owner [3mshard[0m[2m=[0m100 [3mpending_bytes[0m[2m=[0m0
[2m2026-09-24T13:20:42.953549Z[0m [32m INFO[0m [2mstreams_slate::bootstrap[0m[2m:[0m opening shard log shards/101 (lazy; fences prior owner)
[2m2026-09-24T13:20:42.990369Z[0m [32m INFO[0m [2mstreams_slate::shard::lifecycle[0m[2m:[0m engine workers and stores terminated [3mshard[0m[2m=[0m100
[2m2026-09-24T13:20:43.043166Z[0m [32m INFO[0m [2mstreams_slate::shard_directory[0m[2m:[0m shard retired [3mshard[0m[2m=[0m101 [3mreason[0m[2m=[0m"sweep eviction"
[2m2026-09-24T13:20:43.043236Z[0m [32m INFO[0m [2mstreams_slate::billing[0m[2m:[0m sweep closed shard 101
[2m2026-09-24T13:20:43.043259Z[0m [32m INFO[0m [2mstreams_slate::history::worker[0m[2m:[0m absorber exited; durable debt belongs to the next owner [3mshard[0m[2m=[0m101 [3mpending_bytes[0m[2m=[0m0
[2m2026-09-24T13:20:43.043273Z[0m [32m INFO[0m [2mstreams_slate::bootstrap[0m[2m:[0m opening shard log shards/110 (lazy; fences prior owner)
[2m2026-09-24T13:20:43.094625Z[0m [32m INFO[0m [2mstreams_slate::shard::lifecycle[0m[2m:[0m engine workers and stores terminated [3mshard[0m[2m=[0m101
[2m2026-09-24T13:20:43.131916Z[0m [32m INFO[0m [2mstreams_slate::shard_directory[0m[2m:[0m shard retired [3mshard[0m[2m=[0m110 [3mreason[0m[2m=[0m"sweep eviction"
[2m2026-09-24T13:20:43.131981Z[0m [32m INFO[0m [2mstreams_slate::billing[0m[2m:[0m sweep closed shard 110
[2m2026-09-24T13:20:43.132011Z[0m [32m INFO[0m [2mstreams_slate::history::worker[0m[2m:[0m absorber exited; durable debt belongs to the next owner [3mshard[0m[2m=[0m110 [3mpending_bytes[0m[2m=[0m0
[2m2026-09-24T13:20:43.132032Z[0m [32m INFO[0m [2mstreams_slate::bootstrap[0m[2m:[0m opening shard log shards/111 (lazy; fences prior owner)
[2m2026-09-24T13:20:43.163812Z[0m [32m INFO[0m [2mstreams_slate::shard::lifecycle[0m[2m:[0m engine workers and stores terminated [3mshard[0m[2m=[0m110
[2m2026-09-24T13:20:43.225662Z[0m [32m INFO[0m [2mstreams_slate::shard_directory[0m[2m:[0m shard retired [3mshard[0m[2m=[0m111 [3mreason[0m[2m=[0m"sweep eviction"
[2m2026-09-24T13:20:43.225732Z[0m [32m INFO[0m [2mstreams_slate::billing[0m[2m:[0m sweep closed shard 111
[2m2026-09-24T13:20:43.225763Z[0m [32m INFO[0m [2mstreams_slate::history::worker[0m[2m:[0m absorber exited; durable debt belongs to the next owner [3mshard[0m[2m=[0m111 [3mpending_bytes[0m[2m=[0m0
[2m2026-09-24T13:20:43.259041Z[0m [32m INFO[0m [2mstreams_slate::shard::lifecycle[0m[2m:[0m engine workers and stores terminated [3mshard[0m[2m=[0m111
[2m2026-09-24T13:20:43.507875Z[0m [33m WARN[0m [2mstreams_slate::auth_feed[0m[2m:[0m auth fetch failed; previous snapshot retained [3msource[0m[2m=[0m"policies" [3merror[0m[2m=[0mNo such file or directory (os error 2)
[2m2026-09-24T13:20:43.507926Z[0m [33m WARN[0m [2mstreams_slate::auth_feed[0m[2m:[0m auth fetch failed; previous snapshot retained [3msource[0m[2m=[0m"grants" [3merror[0m[2m=[0mNo such file or directory (os error 2)
[2m2026-09-24T13:20:43.507939Z[0m [33m WARN[0m [2mstreams_slate::auth_feed[0m[2m:[0m auth fetch failed; previous snapshot retained [3msource[0m[2m=[0m"keys" [3merror[0m[2m=[0mNo such file or directory (os error 2)
[2m2026-09-24T13:20:44.507672Z[0m [33m WARN[0m [2mstreams_slate::auth_feed[0m[2m:[0m auth fetch failed; previous snapshot retained [3msource[0m[2m=[0m"policies" [3merror[0m[2m=[0mNo such file or directory (os error 2)
[2m2026-09-24T13:20:44.507781Z[0m [33m WARN[0m [2mstreams_slate::auth_feed[0m[2m:[0m auth fetch failed; previous snapshot retained [3msource[0m[2m=[0m"grants" [3merror[0m[2m=[0mNo such file or directory (os error 2)
[2m2026-09-24T13:20:44.507865Z[0m [33m WARN[0m [2mstreams_slate::auth_feed[0m[2m:[0m auth fetch failed; previous snapshot retained [3msource[0m[2m=[0m"keys" [3merror[0m[2m=[0mNo such file or directory (os error 2)
[2m2026-09-24T13:20:44.516779Z[0m [33m WARN[0m [2mstreams_slate::billing::telemetry_loop[0m[2m:[0m ops drain: system append _ops_events: create shard_moving: shard not currently serving here; retry
[2m2026-09-24T13:20:44.542686Z[0m [32m INFO[0m [2mstreams_slate::fleet[0m[2m:[0m fleet desired 1 -> 3 (cores_used=0.21 util->1 inflight=0 slots->0 hot_cpu=0% (0) ack_p50=0ms (0) edge_p50=0ms (0) rps=0 (0) live=1)
[2m2026-09-24T13:20:45.506832Z[0m [33m WARN[0m [2mstreams_slate::auth_feed[0m[2m:[0m auth fetch failed; previous snapshot retained [3msource[0m[2m=[0m"grants" [3merror[0m[2m=[0mNo such file or directory (os error 2)
[2m2026-09-24T13:20:45.506870Z[0m [33m WARN[0m [2mstreams_slate::auth_feed[0m[2m:[0m auth fetch failed; previous snapshot retained [3msource[0m[2m=[0m"keys" [3merror[0m[2m=[0mNo such file or directory (os error 2)
[2m2026-09-24T13:20:45.506926Z[0m [33m WARN[0m [2mstreams_slate::auth_feed[0m[2m:[0m auth fetch failed; previous snapshot retained [3msource[0m[2m=[0m"policies" [3merror[0m[2m=[0mNo such file or directory (os error 2)
[2m2026-09-24T13:20:45.568994Z[0m [32m INFO[0m [2mstreams_slate::history::worker[0m[2m:[0m absorber seeded 1 dirty streams from the durable index (010)
[2m2026-09-24T13:20:45.819881Z[0m [32m INFO[0m [2mstreams_slate::bootstrap[0m[2m:[0m termination signal: shutting down
[2m2026-09-24T13:20:45.822575Z[0m [32m INFO[0m [2mstreams_slate::bootstrap[0m[2m:[0m supervised loops stopped [3mfinished[0m[2m=[0m["request-maintenance", "unready-watchdog", "signal", "auth-refresher", "scaler", "rss-sampler", "fleet", "telemetry-outbox-sweep", "telemetry-drain", "runtime-watchdog"] [3maborted[0m[2m=[0m[] [3mpanicked[0m[2m=[0m[]
[2m2026-09-24T13:20:45.822691Z[0m [32m INFO[0m [2mstreams_slate::shard_directory[0m[2m:[0m shard retired [3mshard[0m[2m=[0m010 [3mreason[0m[2m=[0m"shutdown"
[2m2026-09-24T13:20:45.823810Z[0m [32m INFO[0m [2mstreams_slate::history::worker[0m[2m:[0m absorber exited; durable debt belongs to the next owner [3mshard[0m[2m=[0m010 [3mpending_bytes[0m[2m=[0m1132
[2m2026-09-24T13:20:45.849690Z[0m [32m INFO[0m [2mstreams_slate::shard::lifecycle[0m[2m:[0m engine workers and stores terminated [3mshard[0m[2m=[0m010
